// Jest Snapshot v1, https://goo.gl/fbAQLP

exports[`AppComponent should render correctly 1`] = `
<app-root
  title={[Function String]}
>
  <div
    class="container"
  >
    <h1>
      app works!
    </h1>
    <hr />
    <sample />
  </div>
</app-root>
`;
